08:47:35.789  dlss5-feed 0.4.0 (built Aug 30 2026 10:14:34) attached.
08:47:35.790    host: D:\SteamLibrary\steamapps\common\NieR Replicant ver.1.22474487139\NieR Replicant ver.1.22474487139.exe
08:47:35.790  [feed] wrote default config to D:\SteamLibrary\steamapps\common\NieR Replicant ver.1.22474487139\dlss5-feed.cfg
08:47:36.839  [feed] effects: DLSS5_Feed.fx technique MISSING, DLSS5_MV MISSING, DLSS5_Depth MISSING, LaunchPad technique MISSING (-), depth reversed=0
08:47:36.839  DLSS5_Feed.fx is not loaded (technique/textures missing) -- install it into reshade-shaders\Shaders and enable it below MartysMods_Launchpad.
08:47:36.839  [feed] effect runtime 000001DCD773F610 initialised
08:47:43.682  [feed] effect runtime 000001DCD773F610 destroyed
08:47:43.687  [feed] effect runtime 000001DCD773F610 initialised
08:47:49.915  [feed] effects: DLSS5_Feed.fx technique found, DLSS5_MV found, DLSS5_Depth found, LaunchPad technique found (enabled), depth reversed=0
08:47:49.915  ################ feed: opening D3D12 session ################
08:47:49.915  [feed] adapter: NVIDIA GeForce RTX 4060  vram=7956 MB
08:47:52.528  [feed] NVSDK_NGX_D3D12_Init -> 0x00000001 (Success)
08:47:52.529  [feed] NGX capabilities: SuperSampling.Available=1 NeedsUpdatedDriver=0 MinDriver=470.0
08:47:52.570  [feed] session ready: queue=000001DCCB00D400 list=000001DDF146CB80 fence12=000001DD75D1B8A0 fence11=000001DD75DA99B0
08:47:52.570  ############# feed: session open #############
08:47:52.570  [feed] holding the feature (re)build for 60 frames (the DLSS 5 add-on re-arms its hooks asynchronously)
08:47:53.613  [feed] building: 2560x1440 backbuffer R10G10B10A2_UNORM (mv R16G16_FLOAT, depth R32_FLOAT, depth reversed=0)
08:47:53.613  [feed] Color: D3D12->D3D11 path failed 0x80070057, trying the other direction
08:47:53.615  [feed] Color  2560x1440 R10G10B10A2_UNORM via D3D11->D3D12 (d3d12 flags=0x20)
08:47:53.616  [feed] Output: D3D12->D3D11 path failed 0x80070057, trying the other direction
08:47:53.617  [feed] Output 2560x1440 R10G10B10A2_UNORM via D3D11->D3D12 (d3d12 flags=0x24 UAV)
08:47:53.617  [feed] Depth: D3D12->D3D11 path failed 0x80070057, trying the other direction
08:47:53.618  [feed] Depth  2560x1440 R32_FLOAT via D3D11->D3D12 (d3d12 flags=0x20)
08:47:53.619  [feed] MV: D3D12->D3D11 path failed 0x80070057, trying the other direction
08:47:53.620  [feed] MV     2560x1440 R16G16_FLOAT via D3D11->D3D12 (d3d12 flags=0x20)
08:47:53.623  [feed] copy-back blit shaders ready
08:47:53.692  [feed] feature ready: 2560x1440 DLAA, flags=66 (SDR MVLowRes AutoExposure), color R10G10B10A2_UNORM -> output R10G10B10A2_UNORM, depth R32_FLOAT, mv R16G16_FLOAT
08:47:53.696  [feed] frame 1 delivered (2560x1440, reset=1)
08:47:53.715  [feed] frame 2 delivered (2560x1440, reset=0)
08:47:53.733  [feed] frame 3 delivered (2560x1440, reset=0)
08:47:56.890  [feed] warm-up: re-creating the DLSS feature once (frame 180)
08:47:56.909  [feed] building: 2560x1440 backbuffer R10G10B10A2_UNORM (mv R16G16_FLOAT, depth R32_FLOAT, depth reversed=0)
08:47:56.956  [feed] feature ready: 2560x1440 DLAA, flags=66 (SDR MVLowRes AutoExposure), color R10G10B10A2_UNORM -> output R10G10B10A2_UNORM, depth R32_FLOAT, mv R16G16_FLOAT
08:48:03.314  [feed] 600 frames: feed CPU 5.06 ms/frame | frame interval 22.33 ms (44.8 fps) | feed is 23% of the frame
08:48:14.112  [feed] 600 frames: feed CPU 0.48 ms/frame | frame interval 18.00 ms (55.6 fps) | feed is 3% of the frame
08:48:28.283  [feed] 600 frames: feed CPU 1.96 ms/frame | frame interval 23.62 ms (42.3 fps) | feed is 8% of the frame
08:48:30.465  [feed] frame 1800 delivered (2560x1440, reset=0)
08:48:49.838  [feed] 600 frames: feed CPU 1.45 ms/frame | frame interval 35.93 ms (27.8 fps) | feed is 4% of the frame
08:49:11.399  [feed] 600 frames: feed CPU 1.27 ms/frame | frame interval 35.93 ms (27.8 fps) | feed is 4% of the frame
08:49:32.972  [feed] 600 frames: feed CPU 1.04 ms/frame | frame interval 35.95 ms (27.8 fps) | feed is 3% of the frame
08:49:35.126  [feed] frame 3600 delivered (2560x1440, reset=0)
08:49:54.985  [feed] 600 frames: feed CPU 0.98 ms/frame | frame interval 36.69 ms (27.3 fps) | feed is 3% of the frame
