08:47:35.180  dlss5-dx11-bridge 1.0.25 (built Aug 30 2026 02:24:42) attached.
08:47:35.180    host: D:\SteamLibrary\steamapps\common\NieR Replicant ver.1.22474487139\NieR Replicant ver.1.22474487139.exe
08:47:35.180    d3d11.dll: C:\Windows\SYSTEM32\d3d11.dll
08:47:35.180    windows: Windows 11, 10.0 build 26200
08:47:35.181    files next to this add-on:
08:47:35.349      nvngx_dlssnr.dll           present  version 310.8.0.0
08:47:35.633      nvngx_dlss.dll             present  version 310.8.0.0
08:47:35.634    add-ons present:
08:47:35.634      dlss5-dx11-bridge.addon64    version 1.0.25.0
08:47:35.635          loaded at 00007FF8B6180000
08:47:35.636      dlss5-feed.addon32           (no version resource)
08:47:35.676      dlss5-feed.addon64           version 0.4.0.0
08:47:35.694      renodx-dlss5-v2.5.addon64    version 0.2026.827.2036
08:47:35.696      renodx-dlss5.addon64         version 0.2026.828.2110
08:47:35.696          loaded at 00007FF846060000
08:47:35.703      renodx-dlssfix.addon64       version 0.2026.828.1306
08:47:35.778      renodx-upgrade.addon64       version 0.2026.825.2051
08:47:35.779    DLSS 5 add-on settings, read from ReShade.ini [RenoDX.DLSS5]:
08:47:35.779      EnableHooks=2
08:47:35.779      NeuralUplift=0
08:47:35.779      NRAutoMask=1
08:47:35.779      NRColorStrength=0.76
08:47:35.779      NRDepthMode=0
08:47:35.779      NREnableUpscaling=1
08:47:35.779      NRIntensity=2
08:47:35.779      NRLocalStructure=1.68
08:47:35.779      NRLocalTone=1.93
08:47:35.779      NRMVecScaleX=1.000000
08:47:35.780      NRMVecScaleY=1.000000
08:47:35.780      NRPaperWhiteScale=6.661
08:47:35.780      NRPreset=0
08:47:35.780      NRScreenshotKey=116
08:47:35.780      NRSkinStructure=2
08:47:35.780      NRStyle=2
08:47:35.780      NRToggleKey=117
08:47:35.780      NRTransferStrength=1
08:47:35.780      NRUICorrection=1
08:47:35.780  [bridge] wrote default config to D:\SteamLibrary\steamapps\common\NieR Replicant ver.1.22474487139\dlss5-dx11-bridge.cfg
08:47:35.823  NGX layer 0: D:\SteamLibrary\steamapps\common\KINGDOM HEARTS -HD 1.5+2.5 ReMIX-\nvngx_dlss.dll (base=00007FF80F910000)
08:47:35.825    version 310.8.0.0
08:47:35.825    NVSDK_NGX_D3D11_CreateFeature     = 00007FF80F93B120
08:47:35.825    NVSDK_NGX_D3D11_EvaluateFeature   = 00007FF80F93B280
08:47:35.825    NVSDK_NGX_D3D11_EvaluateFeature_C = 0000000000000000
08:47:35.825    CreateFeature    prologue: 48 89 5C 24 08 48 89 6C 24 10 56 57 41 56 
08:47:35.825    EvaluateFeature  prologue: 48 89 5C 24 08 48 89 6C 24 10 48 89 74 24 
08:47:35.825    hooked: CreateFeature=yes EvaluateFeature=yes EvaluateFeature_C=absent
08:47:35.826    sl.interposer.dll is loaded, so DLSS here is driven through Streamline. It reaches NGX through the feature snippet, which is hooked, so the calls below come from Streamline's own NGX client rather than from the game.
08:47:36.117  NGX layer 1: D:\SteamLibrary\steamapps\common\NieR Replicant ver.1.22474487139\nvngx_dlssnr.dll (base=00007FFFE19D0000)
08:47:36.118    version 310.8.0.0
08:47:36.118    NVSDK_NGX_D3D11_CreateFeature     = 00007FFFE19E38B0
08:47:36.119    NVSDK_NGX_D3D11_EvaluateFeature   = 00007FFFE19E3B20
08:47:36.119    NVSDK_NGX_D3D11_EvaluateFeature_C = 0000000000000000
08:47:36.119    CreateFeature    prologue: 40 53 55 56 48 81 EC 80 02 00 00 48 8B 05 
08:47:36.119    EvaluateFeature  prologue: 40 53 55 56 57 41 56 48 81 EC 60 02 00 00 
08:47:36.119    hooked: CreateFeature=yes EvaluateFeature=yes EvaluateFeature_C=absent
08:47:50.084  NGX layer 2: C:\Windows\System32\DriverStore\FileRepository\nv_dispi.inf_amd64_a3944b54ff18b284\_nvngx.dll (base=00007FF8464F0000)
08:47:50.085    version 32.0.16.1656
08:47:50.085    NVSDK_NGX_D3D11_CreateFeature     = 00007FF846555700
08:47:50.086    NVSDK_NGX_D3D11_EvaluateFeature   = 00007FF8465558D0
08:47:50.086    NVSDK_NGX_D3D11_EvaluateFeature_C = 0000000000000000
08:47:50.086    CreateFeature    prologue: 48 89 6C 24 18 56 57 41 56 48 83 EC 40 48 
08:47:50.086    EvaluateFeature  prologue: 48 89 5C 24 08 48 89 6C 24 10 48 89 74 24 
08:47:50.086    hooked: CreateFeature=yes EvaluateFeature=yes EvaluateFeature_C=absent
08:47:50.676  NGX layer 3: D:\SteamLibrary\steamapps\common\NieR Replicant ver.1.22474487139\nvngx_dlss.dll (base=00007FF806660000)
08:47:50.677    version 310.8.0.0
08:47:50.677    NVSDK_NGX_D3D11_CreateFeature     = 00007FF80668B120
08:47:50.677    NVSDK_NGX_D3D11_EvaluateFeature   = 00007FF80668B280
08:47:50.677    NVSDK_NGX_D3D11_EvaluateFeature_C = 0000000000000000
08:47:50.677    CreateFeature    prologue: 48 89 5C 24 08 48 89 6C 24 10 56 57 41 56 
08:47:50.677    EvaluateFeature  prologue: 48 89 5C 24 08 48 89 6C 24 10 48 89 74 24 
08:47:50.677    hooked: CreateFeature=yes EvaluateFeature=yes EvaluateFeature_C=absent
08:47:51.151  NGX layer 4: D:\SteamLibrary\steamapps\common\NieR Replicant ver.1.22474487139\nvngx_dlssg.dll (base=00007FF832D40000)
08:47:51.153    version 310.8.0.0
08:47:51.153    NVSDK_NGX_D3D11_CreateFeature     = 00007FF832D52060
08:47:51.154    NVSDK_NGX_D3D11_EvaluateFeature   = 00007FF832D522E0
08:47:51.154    NVSDK_NGX_D3D11_EvaluateFeature_C = 0000000000000000
08:47:51.154    CreateFeature    prologue: 40 55 53 56 57 41 56 41 57 48 8D AC 24 48 
08:47:51.154    EvaluateFeature  prologue: 40 53 56 57 48 81 EC 60 02 00 00 48 8B 05 
08:47:51.154    hooked: CreateFeature=yes EvaluateFeature=yes EvaluateFeature_C=absent
08:47:51.757    skipping nvngx_dlssg.dll: it exports more than one NGX entry point at 00007FF83009D680, so it is a placeholder rather than an implementation.
